// Jest Snapshot v1, https://goo.gl/fbAQLP

exports[`Pruebas en Gif item should match with the snapshot  1`] = `
<div>
  <div
    class="card"
  >
    <img
      alt="adele"
      src="https://adele/"
    />
    <p>
       
      adele
    </p>
  </div>
</div>
`;
